C51 COMPILER V9.01   MAIN                                                                  05/29/2021 20:41:56 PAGE 1   


C51 COMPILER V9.01, COMPILATION OF MODULE MAIN
OBJECT MODULE PLACED IN main.OBJ
COMPILER INVOKED BY: D:\Keil\C51\BIN\C51.EXE main.c BROWSE DEBUG OBJECTEXTEND

line level    source

   1          #include "regx52.h"
   2          #include "delay.h"
   3          #include "motor.h"
   4          
   5          //Ö÷º¯Êý
   6          void main(void) 
   7          { 
   8   1        while(1)
   9   1        {
  10   2      //      Motor();
  11   2              Anticlockwise_28BYJ48_180();
  12   2              Delay(100);
  13   2        }
  14   1      }


MODULE INFORMATION:   STATIC OVERLAYABLE
   CODE SIZE        =     12    ----
   CONSTANT SIZE    =   ----    ----
   XDATA SIZE       =   ----    ----
   PDATA SIZE       =   ----    ----
   DATA SIZE        =   ----    ----
   IDATA SIZE       =   ----    ----
   BIT SIZE         =   ----    ----
END OF MODULE INFORMATION.


C51 COMPILATION COMPLETE.  0 WARNING(S),  0 ERROR(S)
